
{
  "kind": "actual-main-preload-two-renderer-acceptance",
  "provider": "recorded read-only progress fixture; no AI/network request",
  "usedBackend": "recorded.fixture.read_only",
  "surfaceMode": "two real offscreen BrowserWindows; native visibility and focus suppressed",
  "skippedStartup": 1,
  "externalBoundaries": [
    "models:catalog",
    "models:quota",
    "slash:directory",
    "runtime-snapshot:get",
    "dashboard:model-health-refresh",
    "projects:environment",
    "projects:tree",
    "stash:list",
    "figma:status"
  ],
  "profile": "D:\\Desktop\\Magic Pointer\\data\\runtime\\acceptance\\selection-live-50636",
  "screenshots": [
    "D:\\Desktop\\Magic Pointer\\artifacts\\selection-live-stop-red\\stage-midrun.png",
    "D:\\Desktop\\Magic Pointer\\artifacts\\selection-live-stop-red\\studio-midrun.png",
    "D:\\Desktop\\Magic Pointer\\artifacts\\selection-live-stop-red\\studio-completed-after-stage-close.png",
    "D:\\Desktop\\Magic Pointer\\artifacts\\selection-live-stop-red\\studio-permission-after-stage-close.png",
    "D:\\Desktop\\Magic Pointer\\artifacts\\selection-live-stop-red\\stage-failure.png",
    "D:\\Desktop\\Magic Pointer\\artifacts\\selection-live-stop-red\\studio-failure.png"
  ],
  "checks": {
    "live": [
      {
        "answer": "材料显示：项目负责人已确认当前范围。",
        "thinking": "先核对材料中的日期和任务归属。\n日期一致，继续整理结论并保留引用。",
        "stableAnswer": true,
        "stableThink": true,
        "stableThinkBody": true,
        "thinkOpen": true,
        "toolResult": true,
        "visible": true
      },
      {
        "answer": "材料显示：项目负责人已确认当前范围。",
        "thinking": "先核对材料中的日期和任务归属。\n日期一致，继续整理结论并保留引用。",
        "stableAnswer": true,
        "stableThink": true,
        "stableThinkBody": true,
        "thinkOpen": true,
        "toolResult": true,
        "visible": true
      }
    ],
    "close": {
      "detached": true,
      "requestSurvived": true,
      "killRequests": 0,
      "latePatchDidNotReopen": true
    },
    "final": {
      "finalVisible": true,
      "streamingNodes": 0,
      "questionCount": 1,
      "busy": null
    },
    "persistedAnswer": "最终答案：项目负责人已确认当前范围，日期为 2026-09-18。小窗关闭后任务仍已完成。",
    "pendingPermission": {
      "question": "允许保存这份笔记吗？",
      "buttonCount": 3,
      "streamingNodes": 0,
      "busy": null
    }
  },
  "consoleErrors": [],
  "conversationId": "c1789663851365",
  "requestId": "759aaca5-ecb3-4f44-bbbd-d02109e20c69",
  "ok": false,
  "error": "Error: Timed out: GUI Stop reaches its selection child\n    at waitFor (D:\\Desktop\\Magic Pointer\\scripts\\probe_selection_live_acceptance.js:80:9)\n    at async D:\\Desktop\\Magic Pointer\\scripts\\probe_selection_live_acceptance.js:280:5",
  "timingMs": 8053
}
