........................................................................ [  2%]
........................................................................ [  5%]
........................................................................ [  8%]
........................................................................ [ 11%]
..............................F......................................... [ 14%]
........................................................................ [ 17%]
........................................................................ [ 20%]
........................................................................ [ 23%]
..F..................................................................... [ 26%]
........................................................................ [ 28%]
........................................................................ [ 31%]
........................................................................ [ 34%]
........................................................................ [ 37%]
........................................................................ [ 40%]
........................................................................ [ 43%]
........................................................................ [ 46%]
........................................................................ [ 49%]
........................................................................ [ 52%]
........................................................................ [ 55%]
F....................................................................... [ 57%]
........................................................................ [ 60%]
........................................................................ [ 63%]
........................................................................ [ 66%]
........................................................................ [ 69%]
........................................................................ [ 72%]
........................................................................ [ 75%]
........................................................................ [ 78%]
........................................................................ [ 81%]
........................................................................ [ 84%]
........................................................................ [ 86%]
........................................................................ [ 89%]
........................................................................ [ 92%]
........................................................................ [ 95%]
........................................................................ [ 98%]
.....FF............................                                      [100%]
================================== FAILURES ===================================
_________ test_parallel_safe_slow_tools_total_wall_time_below_serial __________

    def test_parallel_safe_slow_tools_total_wall_time_below_serial():
        slow_a, state_a = make_counting_tool(
            "slow_a", delay=0.15, concurrency_safe=True
        )
        slow_b, state_b = make_counting_tool(
            "slow_b", delay=0.15, concurrency_safe=True
        )
        registry = ToolRegistry()
        registry.register(slow_a)
        registry.register(slow_b)
        backend = ScriptedBackend(
            [
                ToolCallArrived(call=ToolCall(id="c1", name="slow_a", arguments={})),
                ToolCallArrived(call=ToolCall(id="c2", name="slow_b", arguments={})),
                TurnDone(usage=None, raw_text=None),
            ],
            [TurnDone(usage=None, raw_text="done")],
        )
        client = LoopModelClient(backend)
    
        started = time.perf_counter()
        events, terminal = asyncio.run(
            collect(make_params(client=client, registry=registry))
        )
        elapsed = time.perf_counter() - started
    
>       assert elapsed < 0.30, (
            f"parallel batch took {elapsed:.3f}s (serial would be >= 0.30)"
        )
E       AssertionError: parallel batch took 0.317s (serial would be >= 0.30)
E       assert 0.3168717999942601 < 0.3

tests\agent_runtime_loop_test.py:1471: AssertionError
____________ test_agent_session_bridge_status_reports_pending_work ____________

tmp_path = WindowsPath('D:/Desktop/Magic Pointer/.pytest-tmp/full-audit-preflight/test_agent_session_bridge_stat0')
monkeypatch = <_pytest.monkeypatch.MonkeyPatch object at 0x0000014AC10E0C20>

    def test_agent_session_bridge_status_reports_pending_work(tmp_path, monkeypatch) -> None:
        from app.agent_runtime.types import Role
    
        monkeypatch.setenv("MAGIC_POINTER_USER_DATA_DIR", str(tmp_path))
        store = FileSessionStore(tmp_path / "agent-sessions")
        session = store.create("status-session")
        session.start_turn()
        session.append_message(_msg(Role.USER, "长任务"))
        session.end_turn(session.open_turn, reason="budget_exhausted")
    
        status = handle_request({"action": "status", "sessionId": "status-session"})
>       assert status == {
            "ok": True,
            "sessionId": "status-session",
            "hasPendingWork": True,
            "lastTurnReason": "budget_exhausted",
            "openTurn": None,
        }
E       AssertionError: assert {'hasPendingW...n': None, ...} == {'hasPendingW...n': None, ...}
E         
E         Omitting 5 identical items, use -vv to show
E         Left contains 1 more item:
E         {'pendingRecovery': []}
E         Use -v to get more diff

tests\agent_session_bridge_test.py:172: AssertionError
____________ test_real_subprocess_protocol_without_desktop_capture ____________

tmp_path = WindowsPath('D:/Desktop/Magic Pointer/.pytest-tmp/full-audit-preflight/test_real_subprocess_protocol_0')

    def test_real_subprocess_protocol_without_desktop_capture(tmp_path: Path) -> None:
        script = Path("scripts/frame_capture_worker.py").resolve()
        process = subprocess.Popen(
            [
                sys.executable,
                "-u",
                str(script),
                "--backend",
                "test",
                "--output-root",
                str(tmp_path),
            ],
            stdin=subprocess.PIPE,
            stdout=subprocess.PIPE,
            stderr=subprocess.PIPE,
            text=True,
            encoding="utf-8",
            env={**os.environ, "PYTHONIOENCODING": "utf-8"},
        )
        assert process.stdin is not None
        assert process.stdout is not None
    
        def rpc(rid: str, method: str, params: dict[str, Any] | None = None) -> dict[str, Any]:
            process.stdin.write(json.dumps({"id": rid, "method": method, "params": params or {}}) + "\n")
            process.stdin.flush()
            line = process.stdout.readline()
            assert line, f"worker closed before answering {method}"
            return json.loads(line)
    
        try:
            pong = rpc("ping-1", "ping")
            assert pong["id"] == "ping-1"
            assert pong["result"]["pong"] is True
            assert pong["result"]["backend"] == "test"
    
            armed = rpc("arm-1", "arm", _arm_params())
            assert armed["id"] == "arm-1"
            assert armed["result"]["epochId"] == "epoch-1"
    
            # Give the resident thread a beat to buffer frames; the worker captures
            # the first frame immediately after arm.
            deadline = time.monotonic() + 1.0
            committed = None
            while time.monotonic() < deadline:
                time.sleep(0.02)
                committed = rpc("commit-1", "commit", _commit_params())
                if "result" in committed:
                    break
>           assert committed is not None and "result" in committed, committed
E           AssertionError: {'error': {'code': 'epoch_not_armed', 'message': 'no armed capture epoch to commit'}, 'id': 'commit-1'}
E           assert ({'error': {'code': 'epoch_not_armed', 'message': 'no armed capture epoch to commit'}, 'id': 'commit-1'} is not None and 'result' in {'error': {'code': 'epoch_not_armed', 'message': 'no armed capture epoch to commit'}, 'id': 'commit-1'})

tests\frame_capture_worker_test.py:397: AssertionError
_ test_frozen_look_gets_detail_and_labeled_full_context_but_observe_only_new_pixels[False] _

tmp_path = WindowsPath('D:/Desktop/Magic Pointer/.pytest-tmp/full-audit-preflight/test_frozen_look_gets_detail_a0')
monkeypatch = <_pytest.monkeypatch.MonkeyPatch object at 0x0000014ABD0770B0>
resident = False

    @pytest.mark.parametrize("resident", [False, True])
    def test_frozen_look_gets_detail_and_labeled_full_context_but_observe_only_new_pixels(
        tmp_path: Path, monkeypatch, resident: bool,
    ) -> None:
        import app.agent_runtime.vision_backend as vision
        import app.capture as capture
        import app.desktop_actions.session as desktop
    
        full_bytes = _png("red", (400, 200))
        crop_bytes = _png("blue", (100, 80))
        live_image = Image.new("RGB", (400, 200), "green")
        frozen = tmp_path / "historical.png"
        frozen.write_bytes(full_bytes)
        requests = []
    
        def ask(path, prompt, **kwargs):
            extras = kwargs.get("labeled_extra_images") or []
            requests.append({
                "primary": path.read_bytes(), "temporary": path,
                "prompt": prompt, "system": kwargs.get("system_prompt", ""),
                "extras": [(label, extra, extra.read_bytes()) for label, extra in extras],
                "timeout": kwargs["timeout_s"], "attempts": kwargs["attempts"],
            })
            return "observed the requested surface"
    
        monkeypatch.setattr(vision, "ask_vision_model", ask)
        monkeypatch.setattr(desktop.DesktopActionSession, "get_app_state", lambda *_args, **_kwargs: json.dumps({
            "snapshot_id": "live-new", "windows": [{"hwnd": 42, "rect": [0, 0, 400, 200]}],
            "elements": [],
        }))
    
        class LiveCapture:
            source = "test.live"
    
            def available(self):
                return True
    
            def capture(self, _bounds):
                return live_image
    
        monkeypatch.setattr(capture, "provider_for", lambda _settings: LiveCapture())
        session = FileSessionStore(tmp_path / "sessions").create("context-isolation")
        register_source(session, SourceRef(
            source_id="source:surface", task_id=session.id, kind="capture", title="Editor",
            identity={"hwnd": 42}, revision={"capturedAtMs": 1000},
            capabilities=("read",), origin="user-pointed", parent_source_id=None,
        ))
        backend = FileVisionBackend(temporary_directory=tmp_path)
        runtime = {
            "vision_backend": backend, "frame_crop": lambda _box: crop_bytes,
            "capture_path": str(frozen), "frame_captured_at": "2026-09-17T15:12:07Z",
            "source_session_getter": lambda: session,
            "target_window": {"hwnd": 42}, "command": "what is this?",
        }
        host = LoopHarnessHost(root=tmp_path, plugin_dir=tmp_path / "plugins") if resident else None
        scope = host.open(runtime) if host else None
        report = None if scope else boot_loop_context(runtime, root=tmp_path)
        ctx = scope.ctx if scope else report.ctx
        try:
            registry = ctx.get("tools")
            registry.get("Look").execute(anchor="bbox:100,40,200,120", prompt="explain this control")
>           registry.get("Observe").execute(source_id="source:surface", question="what is visible now?")

tests\vision_context_test.py:84: 
_ _ _ _ _ _ _ _ _ _ _ _ _ _ _ _ _ _ _ _ _ _ _ _ _ _ _ _ _ _ _ _ _ _ _ _ _ _ _ _
app\agent_runtime\tool_registry.py:795: in execute_owned
    return execute(*args, **kwargs)
           ^^^^^^^^^^^^^^^^^^^^^^^^
app\desktop_actions\session.py:1392: in scoped_execute
    return _execute(scope=scope, **args)
           ^^^^^^^^^^^^^^^^^^^^^^^^^^^^^
app\harness\builtin_bundle.py:436: in observe_execute
    return observer.observe(resolved_source_id, question, locator, scope=scope)
           ^^^^^^^^^^^^^^^^^^^^^^^^^^^^^^^^^^^^^^^^^^^^^^^^^^^^^^^^^^^^^^^^^^^^
app\agent_runtime\live_observer.py:125: in observe
    capture = self._capture(source, state, parsed_locator)
              ^^^^^^^^^^^^^^^^^^^^^^^^^^^^^^^^^^^^^^^^^^^^
app\harness\builtin_bundle.py:397: in capture_live_surface
    image = capture_window(int(window.get("hwnd") or 0))
            ^^^^^^^^^^^^^^^^^^^^^^^^^^^^^^^^^^^^^^^^^^^^
app\capture\__init__.py:39: in capture_window
    return ImageGrab.grab(window=int(hwnd)).convert("RGB")
           ^^^^^^^^^^^^^^^^^^^^^^^^^^^^^^^^
_ _ _ _ _ _ _ _ _ _ _ _ _ _ _ _ _ _ _ _ _ _ _ _ _ _ _ _ _ _ _ _ _ _ _ _ _ _ _ _

bbox = None, include_layered_windows = False, all_screens = -1, xdisplay = None
window = 42

    def grab(
        bbox: tuple[int, int, int, int] | None = None,
        include_layered_windows: bool = False,
        all_screens: bool = False,
        xdisplay: str | None = None,
        window: int | ImageWin.HWND | None = None,
    ) -> Image.Image:
        im: Image.Image
        if xdisplay is None:
            if sys.platform == "darwin":
                fh, filepath = tempfile.mkstemp(".png")
                os.close(fh)
                args = ["screencapture"]
                if window is not None:
                    args += ["-l", str(window)]
                elif bbox:
                    left, top, right, bottom = bbox
                    args += ["-R", f"{left},{top},{right-left},{bottom-top}"]
                args += ["-x", filepath]
                retcode = subprocess.call(args)
                if retcode:
                    raise subprocess.CalledProcessError(retcode, args)
                im = Image.open(filepath)
                im.load()
                os.unlink(filepath)
                if bbox:
                    if window is not None:
                        # Determine if the window was in Retina mode or not
                        # by capturing it without the shadow,
                        # and checking how different the width is
                        fh, filepath = tempfile.mkstemp(".png")
                        os.close(fh)
                        args = ["screencapture", "-l", str(window), "-o", "-x", filepath]
                        retcode = subprocess.call(args)
                        if retcode:
                            raise subprocess.CalledProcessError(retcode, args)
                        with Image.open(filepath) as im_no_shadow:
                            retina = im.width - im_no_shadow.width > 100
                        os.unlink(filepath)
    
                        # Since screencapture's -R does not work with -l,
                        # crop the image manually
                        if retina:
                            left, top, right, bottom = bbox
                            im_cropped = im.resize(
                                (right - left, bottom - top),
                                box=tuple(coord * 2 for coord in bbox),
                            )
                        else:
                            im_cropped = im.crop(bbox)
                        im.close()
                        return im_cropped
                    else:
                        im_resized = im.resize((right - left, bottom - top))
                        im.close()
                        return im_resized
                return im
            elif sys.platform == "win32":
                if window is not None:
                    all_screens = -1
>               offset, size, data = Image.core.grabscreen_win32(
                    include_layered_windows,
                    all_screens,
                    int(window) if window is not None else 0,
                )
E               OSError: unable to get device context for handle

C:\Users\zjz65\AppData\Local\Programs\Python\Python312\Lib\site-packages\PIL\ImageGrab.py:93: OSError
_ test_frozen_look_gets_detail_and_labeled_full_context_but_observe_only_new_pixels[True] _

tmp_path = WindowsPath('D:/Desktop/Magic Pointer/.pytest-tmp/full-audit-preflight/test_frozen_look_gets_detail_a1')
monkeypatch = <_pytest.monkeypatch.MonkeyPatch object at 0x0000014AC2334470>
resident = True

    @pytest.mark.parametrize("resident", [False, True])
    def test_frozen_look_gets_detail_and_labeled_full_context_but_observe_only_new_pixels(
        tmp_path: Path, monkeypatch, resident: bool,
    ) -> None:
        import app.agent_runtime.vision_backend as vision
        import app.capture as capture
        import app.desktop_actions.session as desktop
    
        full_bytes = _png("red", (400, 200))
        crop_bytes = _png("blue", (100, 80))
        live_image = Image.new("RGB", (400, 200), "green")
        frozen = tmp_path / "historical.png"
        frozen.write_bytes(full_bytes)
        requests = []
    
        def ask(path, prompt, **kwargs):
            extras = kwargs.get("labeled_extra_images") or []
            requests.append({
                "primary": path.read_bytes(), "temporary": path,
                "prompt": prompt, "system": kwargs.get("system_prompt", ""),
                "extras": [(label, extra, extra.read_bytes()) for label, extra in extras],
                "timeout": kwargs["timeout_s"], "attempts": kwargs["attempts"],
            })
            return "observed the requested surface"
    
        monkeypatch.setattr(vision, "ask_vision_model", ask)
        monkeypatch.setattr(desktop.DesktopActionSession, "get_app_state", lambda *_args, **_kwargs: json.dumps({
            "snapshot_id": "live-new", "windows": [{"hwnd": 42, "rect": [0, 0, 400, 200]}],
            "elements": [],
        }))
    
        class LiveCapture:
            source = "test.live"
    
            def available(self):
                return True
    
            def capture(self, _bounds):
                return live_image
    
        monkeypatch.setattr(capture, "provider_for", lambda _settings: LiveCapture())
        session = FileSessionStore(tmp_path / "sessions").create("context-isolation")
        register_source(session, SourceRef(
            source_id="source:surface", task_id=session.id, kind="capture", title="Editor",
            identity={"hwnd": 42}, revision={"capturedAtMs": 1000},
            capabilities=("read",), origin="user-pointed", parent_source_id=None,
        ))
        backend = FileVisionBackend(temporary_directory=tmp_path)
        runtime = {
            "vision_backend": backend, "frame_crop": lambda _box: crop_bytes,
            "capture_path": str(frozen), "frame_captured_at": "2026-09-17T15:12:07Z",
            "source_session_getter": lambda: session,
            "target_window": {"hwnd": 42}, "command": "what is this?",
        }
        host = LoopHarnessHost(root=tmp_path, plugin_dir=tmp_path / "plugins") if resident else None
        scope = host.open(runtime) if host else None
        report = None if scope else boot_loop_context(runtime, root=tmp_path)
        ctx = scope.ctx if scope else report.ctx
        try:
            registry = ctx.get("tools")
            registry.get("Look").execute(anchor="bbox:100,40,200,120", prompt="explain this control")
>           registry.get("Observe").execute(source_id="source:surface", question="what is visible now?")

tests\vision_context_test.py:84: 
_ _ _ _ _ _ _ _ _ _ _ _ _ _ _ _ _ _ _ _ _ _ _ _ _ _ _ _ _ _ _ _ _ _ _ _ _ _ _ _
app\agent_runtime\tool_registry.py:795: in execute_owned
    return execute(*args, **kwargs)
           ^^^^^^^^^^^^^^^^^^^^^^^^
app\desktop_actions\session.py:1392: in scoped_execute
    return _execute(scope=scope, **args)
           ^^^^^^^^^^^^^^^^^^^^^^^^^^^^^
app\harness\builtin_bundle.py:436: in observe_execute
    return observer.observe(resolved_source_id, question, locator, scope=scope)
           ^^^^^^^^^^^^^^^^^^^^^^^^^^^^^^^^^^^^^^^^^^^^^^^^^^^^^^^^^^^^^^^^^^^^
app\agent_runtime\live_observer.py:125: in observe
    capture = self._capture(source, state, parsed_locator)
              ^^^^^^^^^^^^^^^^^^^^^^^^^^^^^^^^^^^^^^^^^^^^
app\harness\builtin_bundle.py:397: in capture_live_surface
    image = capture_window(int(window.get("hwnd") or 0))
            ^^^^^^^^^^^^^^^^^^^^^^^^^^^^^^^^^^^^^^^^^^^^
app\capture\__init__.py:39: in capture_window
    return ImageGrab.grab(window=int(hwnd)).convert("RGB")
           ^^^^^^^^^^^^^^^^^^^^^^^^^^^^^^^^
_ _ _ _ _ _ _ _ _ _ _ _ _ _ _ _ _ _ _ _ _ _ _ _ _ _ _ _ _ _ _ _ _ _ _ _ _ _ _ _

bbox = None, include_layered_windows = False, all_screens = -1, xdisplay = None
window = 42

    def grab(
        bbox: tuple[int, int, int, int] | None = None,
        include_layered_windows: bool = False,
        all_screens: bool = False,
        xdisplay: str | None = None,
        window: int | ImageWin.HWND | None = None,
    ) -> Image.Image:
        im: Image.Image
        if xdisplay is None:
            if sys.platform == "darwin":
                fh, filepath = tempfile.mkstemp(".png")
                os.close(fh)
                args = ["screencapture"]
                if window is not None:
                    args += ["-l", str(window)]
                elif bbox:
                    left, top, right, bottom = bbox
                    args += ["-R", f"{left},{top},{right-left},{bottom-top}"]
                args += ["-x", filepath]
                retcode = subprocess.call(args)
                if retcode:
                    raise subprocess.CalledProcessError(retcode, args)
                im = Image.open(filepath)
                im.load()
                os.unlink(filepath)
                if bbox:
                    if window is not None:
                        # Determine if the window was in Retina mode or not
                        # by capturing it without the shadow,
                        # and checking how different the width is
                        fh, filepath = tempfile.mkstemp(".png")
                        os.close(fh)
                        args = ["screencapture", "-l", str(window), "-o", "-x", filepath]
                        retcode = subprocess.call(args)
                        if retcode:
                            raise subprocess.CalledProcessError(retcode, args)
                        with Image.open(filepath) as im_no_shadow:
                            retina = im.width - im_no_shadow.width > 100
                        os.unlink(filepath)
    
                        # Since screencapture's -R does not work with -l,
                        # crop the image manually
                        if retina:
                            left, top, right, bottom = bbox
                            im_cropped = im.resize(
                                (right - left, bottom - top),
                                box=tuple(coord * 2 for coord in bbox),
                            )
                        else:
                            im_cropped = im.crop(bbox)
                        im.close()
                        return im_cropped
                    else:
                        im_resized = im.resize((right - left, bottom - top))
                        im.close()
                        return im_resized
                return im
            elif sys.platform == "win32":
                if window is not None:
                    all_screens = -1
>               offset, size, data = Image.core.grabscreen_win32(
                    include_layered_windows,
                    all_screens,
                    int(window) if window is not None else 0,
                )
E               OSError: unable to get device context for handle

C:\Users\zjz65\AppData\Local\Programs\Python\Python312\Lib\site-packages\PIL\ImageGrab.py:93: OSError
============================== warnings summary ===============================
tests/selection_snapshot_bridge_test.py::test_unsupported_foreground_becomes_local_visual_object_at_pointer
  D:\Desktop\Magic Pointer\tests\selection_snapshot_bridge_test.py:574: DeprecationWarning: Image.Image.getdata is deprecated and will be removed in Pillow 14 (2027-10-15). Use get_flattened_data instead.
    assert any(pixel != (255, 255, 255) for pixel in pointer_area.getdata())

tests/visual_annotation_test.py::test_the_single_stroke_path_still_tags_the_mark_this
tests/visual_annotation_test.py::test_each_stroke_is_drawn_where_it_was_drawn
tests/visual_annotation_test.py::test_each_stroke_is_drawn_where_it_was_drawn
tests/visual_annotation_test.py::test_two_strokes_do_not_get_one_box_around_both
tests/visual_annotation_test.py::test_a_stroke_with_no_points_does_not_shift_the_later_tags
  D:\Desktop\Magic Pointer\tests\visual_annotation_test.py:36: DeprecationWarning: Image.Image.getdata is deprecated and will be removed in Pillow 14 (2027-10-15). Use get_flattened_data instead.
    return any(pixel != (255, 255, 255) for pixel in region.getdata())

-- Docs: https://docs.pytest.org/en/stable/how-to/capture-warnings.html
=========================== short test summary info ===========================
FAILED tests/agent_runtime_loop_test.py::test_parallel_safe_slow_tools_total_wall_time_below_serial
FAILED tests/agent_session_bridge_test.py::test_agent_session_bridge_status_reports_pending_work
FAILED tests/frame_capture_worker_test.py::test_real_subprocess_protocol_without_desktop_capture
FAILED tests/vision_context_test.py::test_frozen_look_gets_detail_and_labeled_full_context_but_observe_only_new_pixels[False]
FAILED tests/vision_context_test.py::test_frozen_look_gets_detail_and_labeled_full_context_but_observe_only_new_pixels[True]
5 failed, 2478 passed, 6 warnings in 589.82s (0:09:49)
